Case #1: PR
Case #2: IMPOSSIBLE
Case #3: PSRS
Case #4: IMPOSSIBLE
Case #5: IMPOSSIBLE
Case #6: IMPOSSIBLE
Case #7: IMPOSSIBLE
Case #8: PRPSPSRS
Case #9: PS
Case #10: IMPOSSIBLE
Case #11: IMPOSSIBLE
Case #12: RS
Case #13: PRPSPRRS
Case #14: IMPOSSIBLE
Case #15: PRPS
Case #16: IMPOSSIBLE
Case #17: IMPOSSIBLE
Case #18: PRRS
Case #19: IMPOSSIBLE
Case #20: IMPOSSIBLE
Case #21: PRRSPSRS
Case #22: IMPOSSIBLE
Case #23: IMPOSSIBLE
Case #24: IMPOSSIBLE
Case #25: IMPOSSIBLE
