Case #1: PR
Case #2: IMPOSSIBLE
Case #3: PSRS
Case #4: IMPOSSIBLE
Case #5: IMPOSSIBLE
Case #6: IMPOSSIBLE
Case #7: IMPOSSIBLE
Case #8: IMPOSSIBLE
Case #9: IMPOSSIBLE
Case #10: PRRSPSRS
Case #11: PRRS
Case #12: IMPOSSIBLE
Case #13: IMPOSSIBLE
Case #14: RS
Case #15: IMPOSSIBLE
Case #16: IMPOSSIBLE
Case #17: IMPOSSIBLE
Case #18: IMPOSSIBLE
Case #19: PS
Case #20: IMPOSSIBLE
Case #21: IMPOSSIBLE
Case #22: PRPS
Case #23: IMPOSSIBLE
Case #24: PRPSPSRS
Case #25: PRPSPRRS
